// Jest Snapshot v1, https://goo.gl/fbAQLP

exports[`<Oscillator /> renders with basic props 1`] = `
<div
  className="oscillator"
>
  <div
    className="oscillator__header"
  >
    <div
      className="oscillator__label"
    >
      osc1
    </div>
    <Checkbox
      isChecked={true}
      onInput={[Function]}
    />
  </div>
  <div
    className="oscillator__modifiers"
  >
    <select
      className="oscillator__wave-type"
      onInput={[Function]}
      value="sine"
    >
      <option
        value="sine"
      >
        sine
      </option>
      <option
        value="sawtooth"
      >
        sawtooth
      </option>
      <option
        value="triangle"
      >
        triangle
      </option>
      <option
        value="square"
      >
        square
      </option>
      <option
        value="custom"
      >
        custom
      </option>
    </select>
    <OscillatorVolume
      audioContext={
        AudioContext {
          "currentTime": 0,
          "destination": AudioDestinationNode {
            "channelCount": 2,
            "channelCountMode": "explicit",
            "channelInterpretation": "speakers",
            "context": [Circular],
            "maxChannelCount": 2,
            "numberOfInputs": 1,
            "numberOfOutputs": 0,
          },
          "listener": AudioListener {},
          "onstatechange": null,
          "sampleRate": 44100,
          "state": "running",
        }
      }
      oscillatorId="osc1"
    />
  </div>
</div>
`;
