// Jest Snapshot v1, https://goo.gl/fbAQLP

exports[`<StudioServiceStore /> renders with basic props 1`] = `
<Provider
  value={
    Array [
      Object {
        "gainNodes": Object {
          "master": undefined,
          "osc1": undefined,
          "osc2": undefined,
        },
        "oscillatorNodes": Object {
          "osc1": Object {
            "enabled": true,
            "type": "sine",
          },
          "osc2": Object {
            "enabled": false,
            "type": "sawtooth",
          },
        },
        "volume": Object {
          "master": 0.1,
          "osc1": 0.5,
          "osc2": 0.5,
        },
      },
      [Function],
    ]
  }
/>
`;
